// Jest Snapshot v1, https://goo.gl/fbAQLP

exports[`Home page matches snapshot 1`] = `
<DocumentFragment>
  <div
    class="css-12mft5n"
  >
    <main>
      <h1
        class="css-1aabt2e"
      >
        Simon.Goldin
      </h1>
    </main>
    <p
      class="css-1pjcvux"
    >
      <a
        class="css-e97muk"
        href="/blog"
      >
        Blog
      </a>
    </p>
    <p
      class="css-1pjcvux"
    >
      <a
        class="css-e97muk"
        href="/projects"
      >
        Projects
      </a>
    </p>
    <footer
      class="css-ctj0pp"
    >
      Copyright ©2022 | Simon Goldin
    </footer>
  </div>
</DocumentFragment>
`;
