// Jest Snapshot v1, https://goo.gl/fbAQLP

exports[`Home page matches snapshot 1`] = `
<DocumentFragment>
  <div
    class="css-12mft5n"
  >
    <main>
      <h1
        class="css-pavrw7"
      >
        Simon.Goldin
      </h1>
    </main>
    <a
      class="css-1wmzfz"
    >
      Blog
    </a>
    <a
      class="css-1wmzfz"
    >
      Projects
    </a>
    <footer
      class="css-8u3q9h"
    >
      <p
        class="css-0"
      >
        Footer
      </p>
    </footer>
  </div>
</DocumentFragment>
`;
